<!---<cfscript>--->
	<!---var a = 4.0;--->
<!---</cfscript>--->