CfmlFile:multiLineComment.cfml
  Tag
    PsiElement(OPENER)('<')
    PsiElement(CF_TAG_NAME)('cfscript')
    PsiElement(R_ANGLEBRACKET)('>')
    PsiComment(COMMENT)('/*\r\n\tmulti\r\n\tlint\r\n\tcomment\r\n\t*/')
    PsiComment(COMMENT)('/* one line */')
    PsiElement(LSLASH_ANGLEBRACKET)('</')
    PsiElement(CF_TAG_NAME)('cfscript')
    PsiElement(CLOSER)('>')