<cffunction name="mineFunction"></cffunction>
<cfscript>
mineFunction
</cfscript>
